// Jest Snapshot v1, https://goo.gl/fbAQLP

exports[`<BasicPage/> Se espera que se reenderice correctamente 1`] = `
<div>
  <div
    class="sc-bcXHqe dYjOst"
  />
</div>
`;
